// Jest Snapshot v1, https://goo.gl/fbAQLP

exports[`Button matches snapshot 1`] = `
<div>
  <button
    class="sc-gKPRtg cWBLUo"
    type="button"
  >
    click me
  </button>
</div>
`;
